mode: set
github.com/lucasmls/fundamentals/fundamentals/tests/mathematics/mathematics.go:9.42,11.30 2 1
github.com/lucasmls/fundamentals/fundamentals/tests/mathematics/mathematics.go:15.2,18.23 3 1
github.com/lucasmls/fundamentals/fundamentals/tests/mathematics/mathematics.go:11.30,13.3 1 1
